// Jest Snapshot v1, https://goo.gl/fbAQLP

exports[`Body should render correctly 1`] = `
<div>
  <Geolocated(Weather) />
</div>
`;
