// Jest Snapshot v1, https://goo.gl/fbAQLP

exports[`Header should render correctly 1`] = `
ShallowWrapper {
  Symbol(enzyme.__root__): [Circular],
  Symbol(enzyme.__unrendered__): <Header />,
  Symbol(enzyme.__renderer__): Object {
    "batchedUpdates": [Function],
    "getNode": [Function],
    "render": [Function],
    "simulateEvent": [Function],
    "unmount": [Function],
  },
  Symbol(enzyme.__node__): Object {
    "instance": null,
    "key": undefined,
    "nodeType": "host",
    "props": Object {
      "children": <header
        className="App-header"
>
        <img
                alt="logo"
                className="Header-logo"
                src="https://img.clipartxtras.com/96da9eda759c08834fa44d63ab4098dd_weather-png-images-transparent-free-download-pngmartcom-weather-clipart-png_512-512.png"
        />
        <h1
                className="App-title"
        />
</header>,
      "className": "Header",
    },
    "ref": null,
    "rendered": Object {
      "instance": null,
      "key": undefined,
      "nodeType": "host",
      "props": Object {
        "children": Array [
          <img
            alt="logo"
            className="Header-logo"
            src="https://img.clipartxtras.com/96da9eda759c08834fa44d63ab4098dd_weather-png-images-transparent-free-download-pngmartcom-weather-clipart-png_512-512.png"
/>,
          <h1
            className="App-title"
/>,
        ],
        "className": "App-header",
      },
      "ref": null,
      "rendered": Array [
        Object {
          "instance": null,
          "key": undefined,
          "nodeType": "host",
          "props": Object {
            "alt": "logo",
            "className": "Header-logo",
            "src": "https://img.clipartxtras.com/96da9eda759c08834fa44d63ab4098dd_weather-png-images-transparent-free-download-pngmartcom-weather-clipart-png_512-512.png",
          },
          "ref": null,
          "rendered": null,
          "type": "img",
        },
        Object {
          "instance": null,
          "key": undefined,
          "nodeType": "host",
          "props": Object {
            "children": undefined,
            "className": "App-title",
          },
          "ref": null,
          "rendered": null,
          "type": "h1",
        },
      ],
      "type": "header",
    },
    "type": "div",
  },
  Symbol(enzyme.__nodes__): Array [
    Object {
      "instance": null,
      "key": undefined,
      "nodeType": "host",
      "props": Object {
        "children": <header
          className="App-header"
>
          <img
                    alt="logo"
                    className="Header-logo"
                    src="https://img.clipartxtras.com/96da9eda759c08834fa44d63ab4098dd_weather-png-images-transparent-free-download-pngmartcom-weather-clipart-png_512-512.png"
          />
          <h1
                    className="App-title"
          />
</header>,
        "className": "Header",
      },
      "ref": null,
      "rendered": Object {
        "instance": null,
        "key": undefined,
        "nodeType": "host",
        "props": Object {
          "children": Array [
            <img
              alt="logo"
              className="Header-logo"
              src="https://img.clipartxtras.com/96da9eda759c08834fa44d63ab4098dd_weather-png-images-transparent-free-download-pngmartcom-weather-clipart-png_512-512.png"
/>,
            <h1
              className="App-title"
/>,
          ],
          "className": "App-header",
        },
        "ref": null,
        "rendered": Array [
          Object {
            "instance": null,
            "key": undefined,
            "nodeType": "host",
            "props": Object {
              "alt": "logo",
              "className": "Header-logo",
              "src": "https://img.clipartxtras.com/96da9eda759c08834fa44d63ab4098dd_weather-png-images-transparent-free-download-pngmartcom-weather-clipart-png_512-512.png",
            },
            "ref": null,
            "rendered": null,
            "type": "img",
          },
          Object {
            "instance": null,
            "key": undefined,
            "nodeType": "host",
            "props": Object {
              "children": undefined,
              "className": "App-title",
            },
            "ref": null,
            "rendered": null,
            "type": "h1",
          },
        ],
        "type": "header",
      },
      "type": "div",
    },
  ],
  Symbol(enzyme.__options__): Object {
    "adapter": ReactSixteenAdapter {
      "options": Object {
        "enableComponentDidUpdateOnSetState": true,
        "lifecycles": Object {
          "componentDidUpdate": Object {
            "onSetState": true,
          },
          "getDerivedStateFromProps": true,
          "getSnapshotBeforeUpdate": true,
          "setState": Object {
            "skipsComponentDidUpdateOnNullish": true,
          },
        },
      },
    },
    "attachTo": undefined,
    "hydrateIn": undefined,
  },
}
`;
